[33;1m{ philo_think } [0m[38;1m< src/philo_/philo_think.c:40 in philo_think() >[0m
[33;1m{ philo_think } [0m[38;1m< src/philo_/philo_think.c:46 in philo_think() >[0m
[33;1m{ philo_think } [0m[38;1m< src/philo_/philo_think.c:53 in philo_think() >[0m
[33;1m{ philo_think } [0m[38;1m< src/philo_/philo_think.c:40 in philo_think() >[0m
[33;1m{ philo_think } [0m[38;1m< src/philo_/philo_think.c:46 in philo_think() >[0m
[33;1m{ philo_think } [0m[38;1m< src/philo_/philo_think.c:53 in philo_think() >[0m
[33;1mTHID 13152 | src/philo_/philo_think.c:34 in philo_wait_for_action [0m [60G|[32;1m R 0        : 0        : 0[0m
[33;1m{ philo_think } [0m[38;1m< src/philo_/philo_think.c:59 in philo_think() >[0m
[33;1mTHID 13152 | src/philo_/philo_think.c:60 in philo_think [0m [60G|[32;1m R 0        : 0        : 0[0m
[33;1m{ sub_philo_thread } [0m[38;1m< src/philo_/philo_thread.c:24 in sub_philo_thread() >[0m
[33;1m{ sub_philo_thread } [0m[38;1m< src/philo_/philo_thread.c:30 in sub_philo_thread() >[0m
[33;1m{ sub_philo_thread } [0m[38;1m< src/philo_/philo_thread.c:36 in sub_philo_thread() >[0m
